Archive member included because of file (symbol)

c:/winavr-20100110/bin/../lib/gcc/avr/4.3.3/avr5\libgcc.a(_mulsi3.o)
                              ./LCDTFT_MOD/TFT.o (__mulsi3)
c:/winavr-20100110/bin/../lib/gcc/avr/4.3.3/avr5\libgcc.a(_udivmodhi4.o)
                              ./LCDTFT_MOD/MiniGFX.o (__udivmodhi4)
c:/winavr-20100110/bin/../lib/gcc/avr/4.3.3/avr5\libgcc.a(_divmodhi4.o)
                              ./LCDTFT_MOD/MiniGFX.o (__divmodhi4)
c:/winavr-20100110/bin/../lib/gcc/avr/4.3.3/avr5\libgcc.a(_divmodsi4.o)
                              ./LCDTFT_MOD/MiniGFX.o (__divmodsi4)
c:/winavr-20100110/bin/../lib/gcc/avr/4.3.3/avr5\libgcc.a(_exit.o)
                              c:/winavr-20100110/bin/../lib/gcc/avr/4.3.3/../../../../avr/lib/avr5/crtm32.o (exit)
c:/winavr-20100110/bin/../lib/gcc/avr/4.3.3/avr5\libgcc.a(_copy_data.o)
                              ./src/display.o (__do_copy_data)
c:/winavr-20100110/bin/../lib/gcc/avr/4.3.3/avr5\libgcc.a(_clear_bss.o)
                              ./src/display.o (__do_clear_bss)
c:/winavr-20100110/bin/../lib/gcc/avr/4.3.3/avr5\libgcc.a(_udivmodsi4.o)
                              c:/winavr-20100110/bin/../lib/gcc/avr/4.3.3/avr5\libgcc.a(_divmodsi4.o) (__udivmodsi4)
c:/winavr-20100110/bin/../lib/gcc/avr/4.3.3/../../../../avr/lib/avr5\libc.a(itoa.o)
                              ./src/display.o (itoa)
c:/winavr-20100110/bin/../lib/gcc/avr/4.3.3/../../../../avr/lib/avr5\libc.a(strrev.o)
                              c:/winavr-20100110/bin/../lib/gcc/avr/4.3.3/../../../../avr/lib/avr5\libc.a(itoa.o) (strrev)

Allocating common symbols
Common symbol       size              file

fch                 0x1               ./LCDTFT_MOD/MiniGFX.o
fcl                 0x1               ./LCDTFT_MOD/MiniGFX.o
fract_count         0x1               ./src/display.o
ttl_overflows       0x2               ./src/display.o
cursor_y            0x2               ./LCDTFT_MOD/TFT.o
touchcount          0x1               ./src/display.o
mycntr              0x1               ./src/display.o
bcl                 0x1               ./LCDTFT_MOD/MiniGFX.o
IC_CODE             0x4               ./src/display.o
gfxFont             0x2               ./LCDTFT_MOD/MiniGFX.o
mode                0x2               ./src/display.o
bch                 0x1               ./LCDTFT_MOD/MiniGFX.o
_transparent        0x1               ./LCDTFT_MOD/MiniGFX.o
rotation            0x1               ./LCDTFT_MOD/TFT.o
_cp437              0x1               ./LCDTFT_MOD/TFT.o
cfont               0x6               ./LCDTFT_MOD/MiniGFX.o
tsPinArr            0x1               ./src/display.o
_width              0x2               ./LCDTFT_MOD/TFT.o
uart_packet         0x40              ./src/display.o
coordX              0x2               ./src/display.o
coords              0x4               ./src/display.o
cursor_x            0x2               ./LCDTFT_MOD/TFT.o
wrap                0x1               ./LCDTFT_MOD/TFT.o
textsize            0x1               ./LCDTFT_MOD/TFT.o
code                0x4               ./src/display.o
_height             0x2               ./LCDTFT_MOD/TFT.o
draw_consum         0x1               ./src/display.o
coordY              0x2               ./src/display.o
push                0x1               ./src/display.o
textbgcolor         0x2               ./LCDTFT_MOD/TFT.o
textcolor           0x2               ./LCDTFT_MOD/TFT.o
uart_cache          0x40              ./src/display.o

Memory Configuration

Name             Origin             Length             Attributes
text             0x00000000         0x00020000         xr
data             0x00800060         0x0000ffa0         rw !x
eeprom           0x00810000         0x00010000         rw !x
fuse             0x00820000         0x00000400         rw !x
lock             0x00830000         0x00000400         rw !x
signature        0x00840000         0x00000400         rw !x
*default*        0x00000000         0xffffffff

Linker script and memory map

LOAD c:/winavr-20100110/bin/../lib/gcc/avr/4.3.3/../../../../avr/lib/avr5/crtm32.o
LOAD ./src/display.o
LOAD ./LCDTFT_MOD/MiniGFX.o
LOAD ./LCDTFT_MOD/TFT.o
LOAD ./LCDTFT_MOD/regValues.o
LOAD c:/winavr-20100110/bin/../lib/gcc/avr/4.3.3/avr5\libgcc.a
LOAD c:/winavr-20100110/bin/../lib/gcc/avr/4.3.3/../../../../avr/lib/avr5\libc.a
LOAD c:/winavr-20100110/bin/../lib/gcc/avr/4.3.3/avr5\libgcc.a

.hash
 *(.hash)

.dynsym
 *(.dynsym)

.dynstr
 *(.dynstr)

.gnu.version
 *(.gnu.version)

.gnu.version_d
 *(.gnu.version_d)

.gnu.version_r
 *(.gnu.version_r)

.rel.init
 *(.rel.init)

.rela.init
 *(.rela.init)

.rel.text
 *(.rel.text)
 *(.rel.text.*)
 *(.rel.gnu.linkonce.t*)

.rela.text
 *(.rela.text)
 *(.rela.text.*)
 *(.rela.gnu.linkonce.t*)

.rel.fini
 *(.rel.fini)

.rela.fini
 *(.rela.fini)

.rel.rodata
 *(.rel.rodata)
 *(.rel.rodata.*)
 *(.rel.gnu.linkonce.r*)

.rela.rodata
 *(.rela.rodata)
 *(.rela.rodata.*)
 *(.rela.gnu.linkonce.r*)

.rel.data
 *(.rel.data)
 *(.rel.data.*)
 *(.rel.gnu.linkonce.d*)

.rela.data
 *(.rela.data)
 *(.rela.data.*)
 *(.rela.gnu.linkonce.d*)

.rel.ctors
 *(.rel.ctors)

.rela.ctors
 *(.rela.ctors)

.rel.dtors
 *(.rel.dtors)

.rela.dtors
 *(.rela.dtors)

.rel.got
 *(.rel.got)

.rela.got
 *(.rela.got)

.rel.bss
 *(.rel.bss)

.rela.bss
 *(.rela.bss)

.rel.plt
 *(.rel.plt)

.rela.plt
 *(.rela.plt)

.text           0x00000000     0x538a
 *(.vectors)
 .vectors       0x00000000       0x54 c:/winavr-20100110/bin/../lib/gcc/avr/4.3.3/../../../../avr/lib/avr5/crtm32.o
                0x00000000                __vectors
                0x00000000                __vector_default
 *(.vectors)
 *(.progmem.gcc*)
 *(.progmem*)
 .progmem.data  0x00000054     0x11d4 ./src/display.o
                0x00000054                OCR_A_Extended_M
 .progmem.data  0x00001228      0xbf2 ./LCDTFT_MOD/MiniGFX.o
                0x00001681                Orbitron_Light_16Glyphs
                0x00001228                Orbitron_Light_16Bitmaps
                0x00001913                Orbitron_Light_16
 .progmem.data  0x00001e1a      0x2e6 ./LCDTFT_MOD/regValues.o
                0x0000203e                ILI9488_regValues
                0x00001f52                HX8347G_regValues
                0x00001fee                ILI9327_regValues
                0x00001fa8                HX8357D_regValues
                0x00001ee6                ILI9341_regValues
                0x00001e1a                ILI932x_regValues
                0x0000208c                S6D0154_regValues
                0x00002100                . = ALIGN (0x2)
                0x00002100                __trampolines_start = .
 *(.trampolines)
 .trampolines   0x00002100        0x0 linker stubs
 *(.trampolines*)
                0x00002100                __trampolines_end = .
 *(.jumptables)
 *(.jumptables*)
 *(.lowtext)
 *(.lowtext*)
                0x00002100                __ctors_start = .
 *(.ctors)
                0x00002100                __ctors_end = .
                0x00002100                __dtors_start = .
 *(.dtors)
                0x00002100                __dtors_end = .
 SORT(*)(.ctors)
 SORT(*)(.dtors)
 *(.init0)
 .init0         0x00002100        0x0 c:/winavr-20100110/bin/../lib/gcc/avr/4.3.3/../../../../avr/lib/avr5/crtm32.o
                0x00002100                __init
 *(.init0)
 *(.init1)
 *(.init1)
 *(.init2)
 .init2         0x00002100        0xc c:/winavr-20100110/bin/../lib/gcc/avr/4.3.3/../../../../avr/lib/avr5/crtm32.o
 *(.init2)
 *(.init3)
 *(.init3)
 *(.init4)
 .init4         0x0000210c       0x16 c:/winavr-20100110/bin/../lib/gcc/avr/4.3.3/avr5\libgcc.a(_copy_data.o)
                0x0000210c                __do_copy_data
 .init4         0x00002122       0x10 c:/winavr-20100110/bin/../lib/gcc/avr/4.3.3/avr5\libgcc.a(_clear_bss.o)
                0x00002122                __do_clear_bss
 *(.init4)
 *(.init5)
 *(.init5)
 *(.init6)
 *(.init6)
 *(.init7)
 *(.init7)
 *(.init8)
 *(.init8)
 *(.init9)
 .init9         0x00002132        0x8 c:/winavr-20100110/bin/../lib/gcc/avr/4.3.3/../../../../avr/lib/avr5/crtm32.o
 *(.init9)
 *(.text)
 .text          0x0000213a        0x4 c:/winavr-20100110/bin/../lib/gcc/avr/4.3.3/../../../../avr/lib/avr5/crtm32.o
                0x0000213a                __vector_1
                0x0000213a                __vector_12
                0x0000213a                __bad_interrupt
                0x0000213a                __vector_6
                0x0000213a                __vector_3
                0x0000213a                __vector_11
                0x0000213a                __vector_17
                0x0000213a                __vector_19
                0x0000213a                __vector_7
                0x0000213a                __vector_5
                0x0000213a                __vector_4
                0x0000213a                __vector_9
                0x0000213a                __vector_2
                0x0000213a                __vector_15
                0x0000213a                __vector_8
                0x0000213a                __vector_14
                0x0000213a                __vector_10
                0x0000213a                __vector_16
                0x0000213a                __vector_18
                0x0000213a                __vector_20
 .text          0x0000213e        0x0 ./src/display.o
 .text          0x0000213e        0x0 ./LCDTFT_MOD/MiniGFX.o
 .text          0x0000213e        0x0 ./LCDTFT_MOD/TFT.o
 .text          0x0000213e        0x0 ./LCDTFT_MOD/regValues.o
 .text          0x0000213e        0x0 c:/winavr-20100110/bin/../lib/gcc/avr/4.3.3/avr5\libgcc.a(_mulsi3.o)
 .text          0x0000213e        0x0 c:/winavr-20100110/bin/../lib/gcc/avr/4.3.3/avr5\libgcc.a(_udivmodhi4.o)
 .text          0x0000213e        0x0 c:/winavr-20100110/bin/../lib/gcc/avr/4.3.3/avr5\libgcc.a(_divmodhi4.o)
 .text          0x0000213e        0x0 c:/winavr-20100110/bin/../lib/gcc/avr/4.3.3/avr5\libgcc.a(_divmodsi4.o)
 .text          0x0000213e        0x0 c:/winavr-20100110/bin/../lib/gcc/avr/4.3.3/avr5\libgcc.a(_exit.o)
 .text          0x0000213e        0x0 c:/winavr-20100110/bin/../lib/gcc/avr/4.3.3/avr5\libgcc.a(_copy_data.o)
 .text          0x0000213e        0x0 c:/winavr-20100110/bin/../lib/gcc/avr/4.3.3/avr5\libgcc.a(_clear_bss.o)
 .text          0x0000213e        0x0 c:/winavr-20100110/bin/../lib/gcc/avr/4.3.3/avr5\libgcc.a(_udivmodsi4.o)
 .text          0x0000213e        0x0 c:/winavr-20100110/bin/../lib/gcc/avr/4.3.3/../../../../avr/lib/avr5\libc.a(itoa.o)
 .text          0x0000213e        0x0 c:/winavr-20100110/bin/../lib/gcc/avr/4.3.3/../../../../avr/lib/avr5\libc.a(strrev.o)
                0x0000213e                . = ALIGN (0x2)
 *(.text.*)
 .text.__vector_13
                0x0000213e       0x52 ./src/display.o
                0x0000213e                __vector_13
 .text.read_adc
                0x00002190       0x1e ./src/display.o
 .text.touchRestore
                0x000021ae       0x2e ./src/display.o
 .text.presets_apply
                0x000021dc       0xe6 ./src/display.o
 .text.numprint
                0x000022c2       0x58 ./src/display.o
 .text.main     0x0000231a      0x502 ./src/display.o
                0x0000231a                main
 .text.startWrite
                0x0000281c        0x2 ./LCDTFT_MOD/MiniGFX.o
                0x0000281c                startWrite
 .text.endWrite
                0x0000281e        0x2 ./LCDTFT_MOD/MiniGFX.o
                0x0000281e                endWrite
 .text.setCursor
                0x00002820       0x12 ./LCDTFT_MOD/MiniGFX.o
                0x00002820                setCursor
 .text.getCursorX
                0x00002832        0xa ./LCDTFT_MOD/MiniGFX.o
                0x00002832                getCursorX
 .text.getCursorY
                0x0000283c        0xa ./LCDTFT_MOD/MiniGFX.o
                0x0000283c                getCursorY
 .text.setTextSize
                0x00002846        0xc ./LCDTFT_MOD/MiniGFX.o
                0x00002846                setTextSize
 .text.setTextColor
                0x00002852       0x12 ./LCDTFT_MOD/MiniGFX.o
                0x00002852                setTextColor
 .text.setTextWrap
                0x00002864        0x6 ./LCDTFT_MOD/MiniGFX.o
                0x00002864                setTextWrap
 .text.getRotation
                0x0000286a        0x6 ./LCDTFT_MOD/MiniGFX.o
                0x0000286a                getRotation
 .text.cp437    0x00002870        0x6 ./LCDTFT_MOD/MiniGFX.o
                0x00002870                cp437
 .text.setFont  0x00002876       0x40 ./LCDTFT_MOD/MiniGFX.o
                0x00002876                setFont
 .text.charBounds
                0x000028b6      0x34e ./LCDTFT_MOD/MiniGFX.o
                0x000028b6                charBounds
 .text.getTextBounds
                0x00002c04      0x13e ./LCDTFT_MOD/MiniGFX.o
                0x00002c04                getTextBounds
 .text.width    0x00002d42        0xa ./LCDTFT_MOD/MiniGFX.o
                0x00002d42                width
 .text.height   0x00002d4c        0xa ./LCDTFT_MOD/MiniGFX.o
                0x00002d4c                height
 .text.invertDisplay
                0x00002d56        0x2 ./LCDTFT_MOD/MiniGFX.o
                0x00002d56                invertDisplay
 .text._setFont
                0x00002d58       0x2a ./LCDTFT_MOD/MiniGFX.o
                0x00002d58                _setFont
 .text.setColor
                0x00002d82        0xa ./LCDTFT_MOD/MiniGFX.o
                0x00002d82                setColor
 .text.setBackColor
                0x00002d8c       0x32 ./LCDTFT_MOD/MiniGFX.o
                0x00002d8c                setBackColor
 .text.writeFastVLine
                0x00002dbe        0x6 ./LCDTFT_MOD/MiniGFX.o
                0x00002dbe                writeFastVLine
 .text.fillCircleHelper
                0x00002dc4      0x18e ./LCDTFT_MOD/MiniGFX.o
                0x00002dc4                fillCircleHelper
 .text.fillCircle
                0x00002f52       0x4a ./LCDTFT_MOD/MiniGFX.o
                0x00002f52                fillCircle
 .text.writeFastHLine
                0x00002f9c        0x6 ./LCDTFT_MOD/MiniGFX.o
                0x00002f9c                writeFastHLine
 .text.fillTriangle
                0x00002fa2      0x37c ./LCDTFT_MOD/MiniGFX.o
                0x00002fa2                fillTriangle
 .text.drawRect
                0x0000331e       0x6e ./LCDTFT_MOD/MiniGFX.o
                0x0000331e                drawRect
 .text.writeFillRect
                0x0000338c        0xe ./LCDTFT_MOD/MiniGFX.o
                0x0000338c                writeFillRect
 .text.fillRoundRect
                0x0000339a       0xb0 ./LCDTFT_MOD/MiniGFX.o
                0x0000339a                fillRoundRect
 .text.writePixel
                0x0000344a        0x6 ./LCDTFT_MOD/MiniGFX.o
                0x0000344a                writePixel
 .text._printChar
                0x00003450      0x1c4 ./LCDTFT_MOD/MiniGFX.o
                0x00003450                _printChar
 .text.print    0x00003614      0x102 ./LCDTFT_MOD/MiniGFX.o
                0x00003614                print
 .text.drawChar
                0x00003716      0x37c ./LCDTFT_MOD/MiniGFX.o
                0x00003716                drawChar
 .text.write    0x00003a92      0x266 ./LCDTFT_MOD/MiniGFX.o
                0x00003a92                write
 .text.drawCircleHelper
                0x00003cf8      0x1ea ./LCDTFT_MOD/MiniGFX.o
                0x00003cf8                drawCircleHelper
 .text.drawRoundRect
                0x00003ee2      0x112 ./LCDTFT_MOD/MiniGFX.o
                0x00003ee2                drawRoundRect
 .text.drawCircle
                0x00003ff4      0x19c ./LCDTFT_MOD/MiniGFX.o
                0x00003ff4                drawCircle
 .text.writeLine
                0x00004190      0x10a ./LCDTFT_MOD/MiniGFX.o
                0x00004190                writeLine
 .text.drawLine
                0x0000429a       0x58 ./LCDTFT_MOD/MiniGFX.o
                0x0000429a                drawLine
 .text.drawTriangle
                0x000042f2       0x6a ./LCDTFT_MOD/MiniGFX.o
                0x000042f2                drawTriangle
 .text.delay    0x0000435c       0x14 ./LCDTFT_MOD/TFT.o
                0x0000435c                delay
 .text.tft_init
                0x00004370       0x56 ./LCDTFT_MOD/TFT.o
                0x00004370                tft_init
 .text.writeRegister8
                0x000043c6       0x12 ./LCDTFT_MOD/TFT.o
                0x000043c6                writeRegister8
 .text.writeRegister16
                0x000043d8       0x1e ./LCDTFT_MOD/TFT.o
                0x000043d8                writeRegister16
 .text.writeRegisterPair
                0x000043f6       0x22 ./LCDTFT_MOD/TFT.o
 .text.reset    0x00004418       0x32 ./LCDTFT_MOD/TFT.o
                0x00004418                reset
 .text.setLR    0x0000444a       0x36 ./LCDTFT_MOD/TFT.o
                0x0000444a                setLR
 .text.flood    0x00004480      0x100 ./LCDTFT_MOD/TFT.o
                0x00004480                flood
 .text.pushColors
                0x00004580       0x52 ./LCDTFT_MOD/TFT.o
                0x00004580                pushColors
 .text.readReg  0x000045d2       0xac ./LCDTFT_MOD/TFT.o
                0x000045d2                readReg
 .text.color565
                0x0000467e       0x2e ./LCDTFT_MOD/TFT.o
                0x0000467e                color565
 .text.writeRegister24
                0x000046ac       0x42 ./LCDTFT_MOD/TFT.o
                0x000046ac                writeRegister24
 .text.readID   0x000046ee       0xd8 ./LCDTFT_MOD/TFT.o
                0x000046ee                readID
 .text.writeRegister32
                0x000047c6       0x56 ./LCDTFT_MOD/TFT.o
                0x000047c6                writeRegister32
 .text.setAddrWindow
                0x0000481c      0x1dc ./LCDTFT_MOD/TFT.o
                0x0000481c                setAddrWindow
 .text.setRotation
                0x000049f8      0x1f4 ./LCDTFT_MOD/TFT.o
                0x000049f8                setRotation
 .text.drawPixel
                0x00004bec      0x142 ./LCDTFT_MOD/TFT.o
                0x00004bec                drawPixel
 .text.fillRect
                0x00004d2e      0x114 ./LCDTFT_MOD/TFT.o
                0x00004d2e                fillRect
 .text.fillScreen
                0x00004e42       0x28 ./LCDTFT_MOD/TFT.o
                0x00004e42                fillScreen
 .text.drawFastVLine
                0x00004e6a       0xb8 ./LCDTFT_MOD/TFT.o
                0x00004e6a                drawFastVLine
 .text.drawFastHLine
                0x00004f22       0xbe ./LCDTFT_MOD/TFT.o
                0x00004f22                drawFastHLine
 .text.begin    0x00004fe0      0x23e ./LCDTFT_MOD/regValues.o
                0x00004fe0                begin
 .text.libgcc   0x0000521e       0x3e c:/winavr-20100110/bin/../lib/gcc/avr/4.3.3/avr5\libgcc.a(_mulsi3.o)
                0x0000521e                __mulsi3
 .text.libgcc   0x0000525c       0x28 c:/winavr-20100110/bin/../lib/gcc/avr/4.3.3/avr5\libgcc.a(_udivmodhi4.o)
                0x0000525c                __udivmodhi4
 .text.libgcc   0x00005284       0x26 c:/winavr-20100110/bin/../lib/gcc/avr/4.3.3/avr5\libgcc.a(_divmodhi4.o)
                0x00005284                __divmodhi4
                0x00005284                _div
 .text.libgcc   0x000052aa       0x36 c:/winavr-20100110/bin/../lib/gcc/avr/4.3.3/avr5\libgcc.a(_divmodsi4.o)
                0x000052aa                __divmodsi4
 .text.libgcc   0x000052e0        0x0 c:/winavr-20100110/bin/../lib/gcc/avr/4.3.3/avr5\libgcc.a(_exit.o)
 .text.libgcc   0x000052e0        0x0 c:/winavr-20100110/bin/../lib/gcc/avr/4.3.3/avr5\libgcc.a(_copy_data.o)
 .text.libgcc   0x000052e0        0x0 c:/winavr-20100110/bin/../lib/gcc/avr/4.3.3/avr5\libgcc.a(_clear_bss.o)
 .text.libgcc   0x000052e0       0x44 c:/winavr-20100110/bin/../lib/gcc/avr/4.3.3/avr5\libgcc.a(_udivmodsi4.o)
                0x000052e0                __udivmodsi4
 .text.avr-libc
                0x00005324       0x42 c:/winavr-20100110/bin/../lib/gcc/avr/4.3.3/../../../../avr/lib/avr5\libc.a(itoa.o)
                0x00005324                itoa
 .text.avr-libc
                0x00005366       0x20 c:/winavr-20100110/bin/../lib/gcc/avr/4.3.3/../../../../avr/lib/avr5\libc.a(strrev.o)
                0x00005366                strrev
                0x00005386                . = ALIGN (0x2)
 *(.fini9)
 .fini9         0x00005386        0x0 c:/winavr-20100110/bin/../lib/gcc/avr/4.3.3/avr5\libgcc.a(_exit.o)
                0x00005386                exit
                0x00005386                _exit
 *(.fini9)
 *(.fini8)
 *(.fini8)
 *(.fini7)
 *(.fini7)
 *(.fini6)
 *(.fini6)
 *(.fini5)
 *(.fini5)
 *(.fini4)
 *(.fini4)
 *(.fini3)
 *(.fini3)
 *(.fini2)
 *(.fini2)
 *(.fini1)
 *(.fini1)
 *(.fini0)
 .fini0         0x00005386        0x4 c:/winavr-20100110/bin/../lib/gcc/avr/4.3.3/avr5\libgcc.a(_exit.o)
 *(.fini0)
                0x0000538a                _etext = .

.data           0x00800060       0x2a load address 0x0000538a
                0x00800060                PROVIDE (__data_start, .)
 *(.data)
 .data          0x00800060        0x0 c:/winavr-20100110/bin/../lib/gcc/avr/4.3.3/../../../../avr/lib/avr5/crtm32.o
 .data          0x00800060       0x21 ./src/display.o
 .data          0x00800081        0x0 ./LCDTFT_MOD/MiniGFX.o
 .data          0x00800081        0x0 ./LCDTFT_MOD/TFT.o
 .data          0x00800081        0x0 ./LCDTFT_MOD/regValues.o
 .data          0x00800081        0x0 c:/winavr-20100110/bin/../lib/gcc/avr/4.3.3/avr5\libgcc.a(_mulsi3.o)
 .data          0x00800081        0x0 c:/winavr-20100110/bin/../lib/gcc/avr/4.3.3/avr5\libgcc.a(_udivmodhi4.o)
 .data          0x00800081        0x0 c:/winavr-20100110/bin/../lib/gcc/avr/4.3.3/avr5\libgcc.a(_divmodhi4.o)
 .data          0x00800081        0x0 c:/winavr-20100110/bin/../lib/gcc/avr/4.3.3/avr5\libgcc.a(_divmodsi4.o)
 .data          0x00800081        0x0 c:/winavr-20100110/bin/../lib/gcc/avr/4.3.3/avr5\libgcc.a(_exit.o)
 .data          0x00800081        0x0 c:/winavr-20100110/bin/../lib/gcc/avr/4.3.3/avr5\libgcc.a(_copy_data.o)
 .data          0x00800081        0x0 c:/winavr-20100110/bin/../lib/gcc/avr/4.3.3/avr5\libgcc.a(_clear_bss.o)
 .data          0x00800081        0x0 c:/winavr-20100110/bin/../lib/gcc/avr/4.3.3/avr5\libgcc.a(_udivmodsi4.o)
 .data          0x00800081        0x0 c:/winavr-20100110/bin/../lib/gcc/avr/4.3.3/../../../../avr/lib/avr5\libc.a(itoa.o)
 .data          0x00800081        0x0 c:/winavr-20100110/bin/../lib/gcc/avr/4.3.3/../../../../avr/lib/avr5\libc.a(strrev.o)
 *(.data*)
 .data.YP       0x00800081        0x1 ./src/display.o
                0x00800081                YP
 .data.XM       0x00800082        0x1 ./src/display.o
                0x00800082                XM
 .data.XP       0x00800083        0x1 ./src/display.o
                0x00800083                XP
 .data.YM       0x00800084        0x1 ./src/display.o
                0x00800084                YM
 .data.CH1      0x00800085        0x1 ./src/display.o
                0x00800085                CH1
 .data.forceAltTouchPin
                0x00800086        0x1 ./src/display.o
                0x00800086                forceAltTouchPin
 .data.j        0x00800087        0x1 ./src/display.o
                0x00800087                j
 .data.uart_busy
                0x00800088        0x1 ./src/display.o
                0x00800088                uart_busy
 .data.driver   0x00800089        0x1 ./LCDTFT_MOD/TFT.o
                0x00800089                driver
 *(.rodata)
 *(.rodata*)
 *(.gnu.linkonce.d*)
                0x0080008a                . = ALIGN (0x2)
                0x0080008a                _edata = .
                0x0080008a                PROVIDE (__data_end, .)

.bss            0x0080008a       0xcb
                0x0080008a                PROVIDE (__bss_start, .)
 *(.bss)
 .bss           0x0080008a        0x0 c:/winavr-20100110/bin/../lib/gcc/avr/4.3.3/../../../../avr/lib/avr5/crtm32.o
 .bss           0x0080008a        0x0 ./src/display.o
 .bss           0x0080008a        0x0 ./LCDTFT_MOD/MiniGFX.o
 .bss           0x0080008a        0x0 ./LCDTFT_MOD/TFT.o
 .bss           0x0080008a        0x0 ./LCDTFT_MOD/regValues.o
 .bss           0x0080008a        0x0 c:/winavr-20100110/bin/../lib/gcc/avr/4.3.3/avr5\libgcc.a(_mulsi3.o)
 .bss           0x0080008a        0x0 c:/winavr-20100110/bin/../lib/gcc/avr/4.3.3/avr5\libgcc.a(_udivmodhi4.o)
 .bss           0x0080008a        0x0 c:/winavr-20100110/bin/../lib/gcc/avr/4.3.3/avr5\libgcc.a(_divmodhi4.o)
 .bss           0x0080008a        0x0 c:/winavr-20100110/bin/../lib/gcc/avr/4.3.3/avr5\libgcc.a(_divmodsi4.o)
 .bss           0x0080008a        0x0 c:/winavr-20100110/bin/../lib/gcc/avr/4.3.3/avr5\libgcc.a(_exit.o)
 .bss           0x0080008a        0x0 c:/winavr-20100110/bin/../lib/gcc/avr/4.3.3/avr5\libgcc.a(_copy_data.o)
 .bss           0x0080008a        0x0 c:/winavr-20100110/bin/../lib/gcc/avr/4.3.3/avr5\libgcc.a(_clear_bss.o)
 .bss           0x0080008a        0x0 c:/winavr-20100110/bin/../lib/gcc/avr/4.3.3/avr5\libgcc.a(_udivmodsi4.o)
 .bss           0x0080008a        0x0 c:/winavr-20100110/bin/../lib/gcc/avr/4.3.3/../../../../avr/lib/avr5\libc.a(itoa.o)
 .bss           0x0080008a        0x0 c:/winavr-20100110/bin/../lib/gcc/avr/4.3.3/../../../../avr/lib/avr5\libc.a(strrev.o)
 *(.bss*)
 .bss.id        0x0080008a        0x4 ./src/display.o
                0x0080008a                id
 .bss.busy      0x0080008e        0x1 ./src/display.o
                0x0080008e                busy
 .bss.CH0       0x0080008f        0x1 ./src/display.o
                0x0080008f                CH0
 .bss.ms_cnt    0x00800090        0x1 ./src/display.o
                0x00800090                ms_cnt
 .bss.s_cnt     0x00800091        0x1 ./src/display.o
                0x00800091                s_cnt
 .bss.ns_cnt    0x00800092        0x1 ./src/display.o
                0x00800092                ns_cnt
 .bss.reading   0x00800093        0x1 ./src/display.o
                0x00800093                reading
 .bss.flip      0x00800094        0x1 ./src/display.o
                0x00800094                flip
 .bss.pos       0x00800095        0x1 ./src/display.o
                0x00800095                pos
 .bss.fill_consum
                0x00800096        0x1 ./src/display.o
                0x00800096                fill_consum
 .bss.keypress  0x00800097        0x1 ./src/display.o
                0x00800097                keypress
 .bss.cnt       0x00800098        0x1 ./src/display.o
                0x00800098                cnt
 .bss.uart_byte_count
                0x00800099        0x1 ./src/display.o
                0x00800099                uart_byte_count
 .bss.uart_busybit
                0x0080009a        0x1 ./src/display.o
                0x0080009a                uart_busybit
 .bss.uart_pkt_rdy
                0x0080009b        0x1 ./src/display.o
                0x0080009b                uart_pkt_rdy
 .bss.stage.2126
                0x0080009c        0x1 ./src/display.o
 .bss.c.2125    0x0080009d        0x1 ./src/display.o
 *(COMMON)
 COMMON         0x0080009e       0x9a ./src/display.o
                0x0080009e                fract_count
                0x0080009f                ttl_overflows
                0x008000a1                touchcount
                0x008000a2                mycntr
                0x008000a3                IC_CODE
                0x008000a7                mode
                0x008000a9                tsPinArr
                0x008000aa                uart_packet
                0x008000ea                coordX
                0x008000ec                coords
                0x008000f0                code
                0x008000f4                draw_consum
                0x008000f5                coordY
                0x008000f7                push
                0x008000f8                uart_cache
 COMMON         0x00800138        0xd ./LCDTFT_MOD/MiniGFX.o
                0x00800138                fch
                0x00800139                fcl
                0x0080013a                bcl
                0x0080013b                gfxFont
                0x0080013d                bch
                0x0080013e                _transparent
                0x0080013f                cfont
 COMMON         0x00800145       0x10 ./LCDTFT_MOD/TFT.o
                0x00800145                cursor_y
                0x00800147                rotation
                0x00800148                _cp437
                0x00800149                _width
                0x0080014b                cursor_x
                0x0080014d                wrap
                0x0080014e                textsize
                0x0080014f                _height
                0x00800151                textbgcolor
                0x00800153                textcolor
                0x00800155                PROVIDE (__bss_end, .)
                0x0000538a                __data_load_start = LOADADDR (.data)
                0x000053b4                __data_load_end = (__data_load_start + SIZEOF (.data))

.noinit         0x00800155        0x0
                0x00800155                PROVIDE (__noinit_start, .)
 *(.noinit*)
                0x00800155                PROVIDE (__noinit_end, .)
                0x00800155                _end = .
                0x00800155                PROVIDE (__heap_start, .)

.eeprom         0x00810000        0x0
 *(.eeprom*)
                0x00810000                __eeprom_end = .

.fuse
 *(.fuse)
 *(.lfuse)
 *(.hfuse)
 *(.efuse)

.lock
 *(.lock*)

.signature
 *(.signature*)

.stab           0x00000000     0x5214
 *(.stab)
 .stab          0x00000000      0xfb4 ./src/display.o
 .stab          0x00000fb4     0x24b4 ./LCDTFT_MOD/MiniGFX.o
                               0x2730 (size before relaxing)
 .stab          0x00003468     0x16bc ./LCDTFT_MOD/TFT.o
                               0x1914 (size before relaxing)
 .stab          0x00004b24      0x6f0 ./LCDTFT_MOD/regValues.o
                                0x948 (size before relaxing)

.stabstr        0x00000000     0x1f44
 *(.stabstr)
 .stabstr       0x00000000     0x1f44 ./src/display.o

.stab.excl
 *(.stab.excl)

.stab.exclstr
 *(.stab.exclstr)

.stab.index
 *(.stab.index)

.stab.indexstr
 *(.stab.indexstr)

.comment
 *(.comment)

.debug
 *(.debug)

.line
 *(.line)

.debug_srcinfo
 *(.debug_srcinfo)

.debug_sfnames
 *(.debug_sfnames)

.debug_aranges
 *(.debug_aranges)

.debug_pubnames
 *(.debug_pubnames)

.debug_info
 *(.debug_info)
 *(.gnu.linkonce.wi.*)

.debug_abbrev
 *(.debug_abbrev)

.debug_line
 *(.debug_line)

.debug_frame
 *(.debug_frame)

.debug_str
 *(.debug_str)

.debug_loc
 *(.debug_loc)

.debug_macinfo
 *(.debug_macinfo)
OUTPUT(OmniTFT.elf elf32-avr)
LOAD linker stubs
